2026-03-28T21:23:37.544Z workforce INFO: Logging initialized at DEBUG level to /Users/fabianbustamante/Web/aqualab-web/.workforce/assist-1774733015865/workforce.log
2026-03-28T21:23:37.547Z workforce.memory.store INFO: Created memory database schema version 13
2026-03-28T21:23:37.548Z workforce.memory.interface DEBUG: Initialized project memory at /Users/fabianbustamante/Web/aqualab-web/.workforce/memory.db
2026-03-28T21:23:37.550Z workforce.memory.interface DEBUG: Initialized user memory at /Users/fabianbustamante/.config/kealu-vector/memory.db
2026-03-28T21:23:37.550Z workforce.resources DEBUG: ResourceLoader init: type=personas, builtin_first=True, package_source=None, install_base=/Users/fabianbustamante/.local/share/kvr/versions/0.69.1+47d841eb/kvr.app/Contents/Resources
2026-03-28T21:23:37.550Z workforce.resources DEBUG: Loading personas from install: /Users/fabianbustamante/.local/share/kvr/versions/0.69.1+47d841eb/kvr.app/Contents/Resources/personas/planning/feature-planner.enc
2026-03-28T21:23:37.550Z workforce.resources DEBUG: ResourceLoader init: type=contexts, builtin_first=False, package_source=None, install_base=/Users/fabianbustamante/.local/share/kvr/versions/0.69.1+47d841eb/kvr.app/Contents/Resources
2026-03-28T21:23:37.551Z workforce.resources DEBUG: Loading contexts from install: /Users/fabianbustamante/.local/share/kvr/versions/0.69.1+47d841eb/kvr.app/Contents/Resources/contexts/workflows/kvr-gql-integration.enc
2026-03-28T21:23:37.552Z workforce.resources DEBUG: ResourceLoader init: type=contexts, builtin_first=False, package_source=None, install_base=/Users/fabianbustamante/.local/share/kvr/versions/0.69.1+47d841eb/kvr.app/Contents/Resources
2026-03-28T21:23:37.552Z workforce.resources DEBUG: Loading contexts from install: /Users/fabianbustamante/.local/share/kvr/versions/0.69.1+47d841eb/kvr.app/Contents/Resources/contexts/workflows/delegated-implementation.enc
2026-03-28T21:24:17.761Z workforce.assist.llm_backend WARNING: CLI fallback timed out, falling back to none
2026-03-28T21:25:41.999Z workforce.interactive.session DEBUG: Session c773be7b-944f-4cd6-8f9a-9705eb304872 saved to /Users/fabianbustamante/Web/aqualab-web/.workforce/assist-1774733015865/interactive/session.json
2026-03-28T21:25:42.000Z workforce.assist.session DEBUG: Saved assist session to /Users/fabianbustamante/Web/aqualab-web/.workforce/assist/session-1774733015865.json
2026-03-28T21:30:22.210Z workforce.resources DEBUG: ResourceLoader init: type=contexts, builtin_first=False, package_source=None, install_base=/Users/fabianbustamante/.local/share/kvr/versions/0.69.1+47d841eb/kvr.app/Contents/Resources
2026-03-28T21:30:22.211Z workforce.resources DEBUG: Loading contexts from install: /Users/fabianbustamante/.local/share/kvr/versions/0.69.1+47d841eb/kvr.app/Contents/Resources/contexts/quality/code-review.enc
2026-03-28T21:30:22.212Z workforce.resources DEBUG: ResourceLoader init: type=contexts, builtin_first=False, package_source=None, install_base=/Users/fabianbustamante/.local/share/kvr/versions/0.69.1+47d841eb/kvr.app/Contents/Resources
2026-03-28T21:30:22.212Z workforce.resources DEBUG: Loading contexts from install: /Users/fabianbustamante/.local/share/kvr/versions/0.69.1+47d841eb/kvr.app/Contents/Resources/contexts/architecture/clean-architecture.enc
2026-03-28T21:30:22.213Z workforce.resources DEBUG: ResourceLoader init: type=contexts, builtin_first=False, package_source=None, install_base=/Users/fabianbustamante/.local/share/kvr/versions/0.69.1+47d841eb/kvr.app/Contents/Resources
2026-03-28T21:30:22.213Z workforce.resources DEBUG: Loading contexts from install: /Users/fabianbustamante/.local/share/kvr/versions/0.69.1+47d841eb/kvr.app/Contents/Resources/contexts/quality/testing-standards.enc
2026-03-28T21:30:22.213Z workforce.resources DEBUG: ResourceLoader init: type=contexts, builtin_first=False, package_source=None, install_base=/Users/fabianbustamante/.local/share/kvr/versions/0.69.1+47d841eb/kvr.app/Contents/Resources
2026-03-28T21:30:22.213Z workforce.resources DEBUG: Loading contexts from install: /Users/fabianbustamante/.local/share/kvr/versions/0.69.1+47d841eb/kvr.app/Contents/Resources/contexts/git/commit-guidelines.enc
2026-03-28T21:30:22.214Z workforce.resources DEBUG: ResourceLoader init: type=contexts, builtin_first=False, package_source=None, install_base=/Users/fabianbustamante/.local/share/kvr/versions/0.69.1+47d841eb/kvr.app/Contents/Resources
2026-03-28T21:30:22.214Z workforce.resources DEBUG: Loading contexts from install: /Users/fabianbustamante/.local/share/kvr/versions/0.69.1+47d841eb/kvr.app/Contents/Resources/contexts/errors/error-handling.enc
2026-03-28T21:30:22.214Z workforce.resources DEBUG: ResourceLoader init: type=contexts, builtin_first=False, package_source=None, install_base=/Users/fabianbustamante/.local/share/kvr/versions/0.69.1+47d841eb/kvr.app/Contents/Resources
2026-03-28T21:30:22.214Z workforce.resources DEBUG: Loading contexts from install: /Users/fabianbustamante/.local/share/kvr/versions/0.69.1+47d841eb/kvr.app/Contents/Resources/contexts/workflows/self-reflection.enc
2026-03-28T21:30:22.215Z workforce.resources DEBUG: ResourceLoader init: type=contexts, builtin_first=False, package_source=None, install_base=/Users/fabianbustamante/.local/share/kvr/versions/0.69.1+47d841eb/kvr.app/Contents/Resources
2026-03-28T21:30:22.215Z workforce.resources DEBUG: Loading contexts from install: /Users/fabianbustamante/.local/share/kvr/versions/0.69.1+47d841eb/kvr.app/Contents/Resources/contexts/quality/pre-commit-review.enc
2026-03-28T21:30:22.215Z workforce.resources DEBUG: ResourceLoader init: type=contexts, builtin_first=False, package_source=None, install_base=/Users/fabianbustamante/.local/share/kvr/versions/0.69.1+47d841eb/kvr.app/Contents/Resources
2026-03-28T21:30:22.215Z workforce.resources DEBUG: Loading contexts from install: /Users/fabianbustamante/.local/share/kvr/versions/0.69.1+47d841eb/kvr.app/Contents/Resources/contexts/docs/documentation-coverage.enc
2026-03-28T21:30:22.216Z workforce.resources DEBUG: ResourceLoader init: type=contexts, builtin_first=False, package_source=None, install_base=/Users/fabianbustamante/.local/share/kvr/versions/0.69.1+47d841eb/kvr.app/Contents/Resources
2026-03-28T21:30:22.216Z workforce.resources DEBUG: Loading contexts from install: /Users/fabianbustamante/.local/share/kvr/versions/0.69.1+47d841eb/kvr.app/Contents/Resources/contexts/languages/go-patterns.enc
2026-03-28T21:30:22.313Z workforce.interactive.session DEBUG: Session c773be7b-944f-4cd6-8f9a-9705eb304872 saved to /Users/fabianbustamante/Web/aqualab-web/.workforce/assist-1774733015865/interactive/session.json
2026-03-28T21:30:22.314Z workforce.assist.session DEBUG: Saved assist session to /Users/fabianbustamante/Web/aqualab-web/.workforce/assist/session-1774733015865.json
2026-03-28T21:30:27.192Z workforce.resources DEBUG: ResourceLoader init: type=contexts, builtin_first=False, package_source=None, install_base=/Users/fabianbustamante/.local/share/kvr/versions/0.69.1+47d841eb/kvr.app/Contents/Resources
2026-03-28T21:30:27.192Z workforce.resources DEBUG: Loading contexts from install: /Users/fabianbustamante/.local/share/kvr/versions/0.69.1+47d841eb/kvr.app/Contents/Resources/contexts/architecture/design-philosophy.enc
2026-03-28T21:30:27.192Z workforce.resources DEBUG: ResourceLoader init: type=contexts, builtin_first=False, package_source=None, install_base=/Users/fabianbustamante/.local/share/kvr/versions/0.69.1+47d841eb/kvr.app/Contents/Resources
2026-03-28T21:30:27.192Z workforce.resources DEBUG: Loading contexts from install: /Users/fabianbustamante/.local/share/kvr/versions/0.69.1+47d841eb/kvr.app/Contents/Resources/contexts/architecture/design-principles.enc
2026-03-28T21:33:18.054Z workforce.interactive.session DEBUG: Session c773be7b-944f-4cd6-8f9a-9705eb304872 saved to /Users/fabianbustamante/Web/aqualab-web/.workforce/assist-1774733015865/interactive/session.json
2026-03-28T21:33:18.056Z workforce.assist.session DEBUG: Saved assist session to /Users/fabianbustamante/Web/aqualab-web/.workforce/assist/session-1774733015865.json
2026-03-28T21:33:18.060Z workforce.assist.conversation DEBUG: Auto-disabled writes (no mutating tools this turn)
2026-03-28T21:37:43.902Z workforce.interactive.session DEBUG: Session c773be7b-944f-4cd6-8f9a-9705eb304872 saved to /Users/fabianbustamante/Web/aqualab-web/.workforce/assist-1774733015865/interactive/session.json
2026-03-28T21:37:43.904Z workforce.assist.session DEBUG: Saved assist session to /Users/fabianbustamante/Web/aqualab-web/.workforce/assist/session-1774733015865.json
2026-03-28T21:37:50.241Z workforce.resources DEBUG: ResourceLoader init: type=contexts, builtin_first=False, package_source=None, install_base=/Users/fabianbustamante/.local/share/kvr/versions/0.69.1+47d841eb/kvr.app/Contents/Resources
2026-03-28T21:37:50.244Z workforce.resources DEBUG: Loading contexts from install: /Users/fabianbustamante/.local/share/kvr/versions/0.69.1+47d841eb/kvr.app/Contents/Resources/contexts/docs/documentation-philosophy.enc
2026-03-28T21:37:50.245Z workforce.resources DEBUG: ResourceLoader init: type=contexts, builtin_first=False, package_source=None, install_base=/Users/fabianbustamante/.local/share/kvr/versions/0.69.1+47d841eb/kvr.app/Contents/Resources
2026-03-28T21:37:50.245Z workforce.resources DEBUG: Loading contexts from install: /Users/fabianbustamante/.local/share/kvr/versions/0.69.1+47d841eb/kvr.app/Contents/Resources/contexts/docs/ascii-diagram-formatting.enc
2026-03-28T21:39:06.317Z workforce.interactive.session DEBUG: Session c773be7b-944f-4cd6-8f9a-9705eb304872 saved to /Users/fabianbustamante/Web/aqualab-web/.workforce/assist-1774733015865/interactive/session.json
2026-03-28T21:39:06.318Z workforce.assist.session DEBUG: Saved assist session to /Users/fabianbustamante/Web/aqualab-web/.workforce/assist/session-1774733015865.json
2026-03-28T21:39:16.532Z workforce.assist.intent_classifier WARNING: All intents below threshold (best: 'general' at 0.60 < 0.70)
2026-03-28T21:41:05.529Z workforce.interactive.session DEBUG: Session c773be7b-944f-4cd6-8f9a-9705eb304872 saved to /Users/fabianbustamante/Web/aqualab-web/.workforce/assist-1774733015865/interactive/session.json
2026-03-28T21:41:05.530Z workforce.assist.session DEBUG: Saved assist session to /Users/fabianbustamante/Web/aqualab-web/.workforce/assist/session-1774733015865.json
2026-03-28T21:41:14.043Z workforce.assist.intent_classifier WARNING: All intents below threshold (best: 'ux-design' at 0.65 < 0.70)
2026-03-28T21:45:54.223Z workforce.interactive.session DEBUG: Session c773be7b-944f-4cd6-8f9a-9705eb304872 saved to /Users/fabianbustamante/Web/aqualab-web/.workforce/assist-1774733015865/interactive/session.json
2026-03-28T21:45:54.224Z workforce.assist.session DEBUG: Saved assist session to /Users/fabianbustamante/Web/aqualab-web/.workforce/assist/session-1774733015865.json
2026-03-28T21:47:03.376Z workforce.interactive.session DEBUG: Session c773be7b-944f-4cd6-8f9a-9705eb304872 saved to /Users/fabianbustamante/Web/aqualab-web/.workforce/assist-1774733015865/interactive/session.json
2026-03-28T21:47:03.377Z workforce.assist.session DEBUG: Saved assist session to /Users/fabianbustamante/Web/aqualab-web/.workforce/assist/session-1774733015865.json
2026-03-28T21:47:08.859Z workforce.assist.intent_classifier WARNING: All intents below threshold (best: 'general' at 0.40 < 0.70)
2026-03-28T21:49:13.509Z workforce.interactive.session DEBUG: Session c773be7b-944f-4cd6-8f9a-9705eb304872 saved to /Users/fabianbustamante/Web/aqualab-web/.workforce/assist-1774733015865/interactive/session.json
2026-03-28T21:49:13.510Z workforce.assist.session DEBUG: Saved assist session to /Users/fabianbustamante/Web/aqualab-web/.workforce/assist/session-1774733015865.json
2026-03-28T21:53:11.626Z workforce.interactive.session DEBUG: Session c773be7b-944f-4cd6-8f9a-9705eb304872 saved to /Users/fabianbustamante/Web/aqualab-web/.workforce/assist-1774733015865/interactive/session.json
2026-03-28T21:53:11.628Z workforce.assist.session DEBUG: Saved assist session to /Users/fabianbustamante/Web/aqualab-web/.workforce/assist/session-1774733015865.json
2026-03-28T21:53:17.110Z workforce.resources DEBUG: ResourceLoader init: type=contexts, builtin_first=False, package_source=None, install_base=/Users/fabianbustamante/.local/share/kvr/versions/0.69.1+47d841eb/kvr.app/Contents/Resources
2026-03-28T21:53:17.112Z workforce.resources DEBUG: Loading contexts from install: /Users/fabianbustamante/.local/share/kvr/versions/0.69.1+47d841eb/kvr.app/Contents/Resources/contexts/workflows/ticket-decomposition.enc
2026-03-28T21:53:17.113Z workforce.resources DEBUG: Loading contexts from install: /Users/fabianbustamante/.local/share/kvr/versions/0.69.1+47d841eb/kvr.app/Contents/Resources/contexts/quality/agentic-testing.enc
2026-03-28T21:53:17.114Z workforce.resources DEBUG: ResourceLoader init: type=contexts, builtin_first=False, package_source=None, install_base=/Users/fabianbustamante/.local/share/kvr/versions/0.69.1+47d841eb/kvr.app/Contents/Resources
2026-03-28T21:53:17.114Z workforce.resources DEBUG: Loading contexts from install: /Users/fabianbustamante/.local/share/kvr/versions/0.69.1+47d841eb/kvr.app/Contents/Resources/contexts/workflows/conflict-detection.enc
2026-03-28T21:53:17.115Z workforce.resources DEBUG: ResourceLoader init: type=contexts, builtin_first=False, package_source=None, install_base=/Users/fabianbustamante/.local/share/kvr/versions/0.69.1+47d841eb/kvr.app/Contents/Resources
2026-03-28T21:53:17.115Z workforce.resources DEBUG: Loading contexts from install: /Users/fabianbustamante/.local/share/kvr/versions/0.69.1+47d841eb/kvr.app/Contents/Resources/contexts/workflows/interactive-planning.enc
2026-03-28T21:53:17.116Z workforce.resources DEBUG: Loading contexts from install: /Users/fabianbustamante/.local/share/kvr/versions/0.69.1+47d841eb/kvr.app/Contents/Resources/contexts/workflows/ticket-decomposition.enc
2026-03-28T21:53:17.116Z workforce.resources DEBUG: Loading contexts from install: /Users/fabianbustamante/.local/share/kvr/versions/0.69.1+47d841eb/kvr.app/Contents/Resources/contexts/quality/agentic-testing.enc
2026-03-28T21:53:17.116Z workforce.resources DEBUG: Loading contexts from install: /Users/fabianbustamante/.local/share/kvr/versions/0.69.1+47d841eb/kvr.app/Contents/Resources/contexts/workflows/kvr-gql-integration.enc
2026-03-28T21:53:17.116Z workforce.resources DEBUG: Loading contexts from install: /Users/fabianbustamante/.local/share/kvr/versions/0.69.1+47d841eb/kvr.app/Contents/Resources/contexts/workflows/conflict-detection.enc
2026-03-28T22:05:16.987Z workforce.interactive.session DEBUG: Session c773be7b-944f-4cd6-8f9a-9705eb304872 saved to /Users/fabianbustamante/Web/aqualab-web/.workforce/assist-1774733015865/interactive/session.json
2026-03-28T22:05:16.988Z workforce.assist.session DEBUG: Saved assist session to /Users/fabianbustamante/Web/aqualab-web/.workforce/assist/session-1774733015865.json
2026-03-28T22:05:23.999Z workforce.assist.intent_classifier WARNING: Classification response is not valid JSON: I need your permission to search your home directory for WordPress files. Once you approve, I'll look for directories or archives containing WordPress backups.
2026-03-28T22:07:59.232Z workforce.interactive.session DEBUG: Session c773be7b-944f-4cd6-8f9a-9705eb304872 saved to /Users/fabianbustamante/Web/aqualab-web/.workforce/assist-1774733015865/interactive/session.json
2026-03-28T22:07:59.233Z workforce.assist.session DEBUG: Saved assist session to /Users/fabianbustamante/Web/aqualab-web/.workforce/assist/session-1774733015865.json
2026-03-28T22:08:02.671Z workforce.assist.intent_classifier WARNING: All intents below threshold (best: 'general' at 0.50 < 0.70)
2026-03-28T22:18:57.469Z workforce.interactive.session DEBUG: Session c773be7b-944f-4cd6-8f9a-9705eb304872 saved to /Users/fabianbustamante/Web/aqualab-web/.workforce/assist-1774733015865/interactive/session.json
2026-03-28T22:18:57.469Z workforce.assist.session DEBUG: Saved assist session to /Users/fabianbustamante/Web/aqualab-web/.workforce/assist/session-1774733015865.json
2026-03-28T22:20:06.693Z workforce.interactive.session DEBUG: Session c773be7b-944f-4cd6-8f9a-9705eb304872 saved to /Users/fabianbustamante/Web/aqualab-web/.workforce/assist-1774733015865/interactive/session.json
2026-03-28T22:20:06.695Z workforce.assist.session DEBUG: Saved assist session to /Users/fabianbustamante/Web/aqualab-web/.workforce/assist/session-1774733015865.json
2026-03-28T22:20:58.056Z workforce.interactive.session DEBUG: Session c773be7b-944f-4cd6-8f9a-9705eb304872 saved to /Users/fabianbustamante/Web/aqualab-web/.workforce/assist-1774733015865/interactive/session.json
2026-03-28T22:20:58.058Z workforce.assist.session DEBUG: Saved assist session to /Users/fabianbustamante/Web/aqualab-web/.workforce/assist/session-1774733015865.json
2026-03-28T22:21:04.010Z workforce.assist.intent_classifier WARNING: All intents below threshold (best: 'code-change' at 0.45 < 0.70)
2026-03-28T22:28:26.244Z workforce.interactive.session DEBUG: Session c773be7b-944f-4cd6-8f9a-9705eb304872 saved to /Users/fabianbustamante/Web/aqualab-web/.workforce/assist-1774733015865/interactive/session.json
2026-03-28T22:28:26.245Z workforce.assist.session DEBUG: Saved assist session to /Users/fabianbustamante/Web/aqualab-web/.workforce/assist/session-1774733015865.json
2026-03-28T22:31:01.964Z workforce.interactive.session DEBUG: Session c773be7b-944f-4cd6-8f9a-9705eb304872 saved to /Users/fabianbustamante/Web/aqualab-web/.workforce/assist-1774733015865/interactive/session.json
2026-03-28T22:31:01.965Z workforce.assist.session DEBUG: Saved assist session to /Users/fabianbustamante/Web/aqualab-web/.workforce/assist/session-1774733015865.json
2026-03-28T22:31:48.124Z workforce.interactive.session DEBUG: Session c773be7b-944f-4cd6-8f9a-9705eb304872 saved to /Users/fabianbustamante/Web/aqualab-web/.workforce/assist-1774733015865/interactive/session.json
2026-03-28T22:31:48.125Z workforce.assist.session DEBUG: Saved assist session to /Users/fabianbustamante/Web/aqualab-web/.workforce/assist/session-1774733015865.json
2026-03-28T22:32:41.482Z workforce.interactive.session DEBUG: Session c773be7b-944f-4cd6-8f9a-9705eb304872 saved to /Users/fabianbustamante/Web/aqualab-web/.workforce/assist-1774733015865/interactive/session.json
2026-03-28T22:32:41.482Z workforce.assist.session DEBUG: Saved assist session to /Users/fabianbustamante/Web/aqualab-web/.workforce/assist/session-1774733015865.json
2026-03-28T22:32:46.176Z workforce.resources DEBUG: ResourceLoader init: type=contexts, builtin_first=False, package_source=None, install_base=/Users/fabianbustamante/.local/share/kvr/versions/0.69.1+47d841eb/kvr.app/Contents/Resources
2026-03-28T22:32:46.177Z workforce.resources DEBUG: Loading contexts from install: /Users/fabianbustamante/.local/share/kvr/versions/0.69.1+47d841eb/kvr.app/Contents/Resources/contexts/debugging/debugging-patterns.enc
2026-03-28T22:32:46.178Z workforce.resources DEBUG: ResourceLoader init: type=contexts, builtin_first=False, package_source=None, install_base=/Users/fabianbustamante/.local/share/kvr/versions/0.69.1+47d841eb/kvr.app/Contents/Resources
2026-03-28T22:32:46.178Z workforce.resources DEBUG: Loading contexts from install: /Users/fabianbustamante/.local/share/kvr/versions/0.69.1+47d841eb/kvr.app/Contents/Resources/contexts/debugging/debugging-workflow.enc
2026-03-28T22:32:46.178Z workforce.resources DEBUG: Loading contexts from install: /Users/fabianbustamante/.local/share/kvr/versions/0.69.1+47d841eb/kvr.app/Contents/Resources/contexts/core/first-principles.enc
2026-03-28T22:32:46.179Z workforce.resources DEBUG: ResourceLoader init: type=contexts, builtin_first=False, package_source=None, install_base=/Users/fabianbustamante/.local/share/kvr/versions/0.69.1+47d841eb/kvr.app/Contents/Resources
2026-03-28T22:32:46.179Z workforce.resources DEBUG: Loading contexts from install: /Users/fabianbustamante/.local/share/kvr/versions/0.69.1+47d841eb/kvr.app/Contents/Resources/contexts/errors/logging-standards.enc
2026-03-28T22:32:46.179Z workforce.resources DEBUG: ResourceLoader init: type=contexts, builtin_first=False, package_source=None, install_base=/Users/fabianbustamante/.local/share/kvr/versions/0.69.1+47d841eb/kvr.app/Contents/Resources
2026-03-28T22:32:46.179Z workforce.resources DEBUG: Loading contexts from install: /Users/fabianbustamante/.local/share/kvr/versions/0.69.1+47d841eb/kvr.app/Contents/Resources/contexts/core/first-principles.enc
2026-03-28T22:35:36.646Z workforce.interactive.session DEBUG: Session c773be7b-944f-4cd6-8f9a-9705eb304872 saved to /Users/fabianbustamante/Web/aqualab-web/.workforce/assist-1774733015865/interactive/session.json
2026-03-28T22:35:36.647Z workforce.assist.session DEBUG: Saved assist session to /Users/fabianbustamante/Web/aqualab-web/.workforce/assist/session-1774733015865.json
2026-03-28T22:37:05.685Z workforce.interactive.session DEBUG: Session c773be7b-944f-4cd6-8f9a-9705eb304872 saved to /Users/fabianbustamante/Web/aqualab-web/.workforce/assist-1774733015865/interactive/session.json
2026-03-28T22:37:05.685Z workforce.assist.session DEBUG: Saved assist session to /Users/fabianbustamante/Web/aqualab-web/.workforce/assist/session-1774733015865.json
2026-03-28T22:41:07.245Z workforce.interactive.session DEBUG: Session c773be7b-944f-4cd6-8f9a-9705eb304872 saved to /Users/fabianbustamante/Web/aqualab-web/.workforce/assist-1774733015865/interactive/session.json
2026-03-28T22:41:07.246Z workforce.assist.session DEBUG: Saved assist session to /Users/fabianbustamante/Web/aqualab-web/.workforce/assist/session-1774733015865.json
2026-03-28T22:41:15.299Z workforce.assist.intent_classifier WARNING: All intents below threshold (best: 'documentation' at 0.60 < 0.70)
2026-03-28T22:45:27.652Z workforce.interactive.session DEBUG: Session c773be7b-944f-4cd6-8f9a-9705eb304872 saved to /Users/fabianbustamante/Web/aqualab-web/.workforce/assist-1774733015865/interactive/session.json
2026-03-28T22:45:27.653Z workforce.assist.session DEBUG: Saved assist session to /Users/fabianbustamante/Web/aqualab-web/.workforce/assist/session-1774733015865.json
2026-03-28T22:45:37.192Z workforce.assist.intent_classifier WARNING: All intents below threshold (best: 'general' at 0.30 < 0.70)
2026-03-28T22:47:50.367Z workforce.interactive.session DEBUG: Session c773be7b-944f-4cd6-8f9a-9705eb304872 saved to /Users/fabianbustamante/Web/aqualab-web/.workforce/assist-1774733015865/interactive/session.json
2026-03-28T22:47:50.368Z workforce.assist.session DEBUG: Saved assist session to /Users/fabianbustamante/Web/aqualab-web/.workforce/assist/session-1774733015865.json
2026-03-28T22:47:56.696Z workforce.assist.intent_classifier WARNING: All intents below threshold (best: 'general' at 0.60 < 0.70)
2026-03-28T22:49:28.827Z workforce.interactive.session DEBUG: Session c773be7b-944f-4cd6-8f9a-9705eb304872 saved to /Users/fabianbustamante/Web/aqualab-web/.workforce/assist-1774733015865/interactive/session.json
2026-03-28T22:49:28.827Z workforce.assist.session DEBUG: Saved assist session to /Users/fabianbustamante/Web/aqualab-web/.workforce/assist/session-1774733015865.json
2026-03-28T22:49:39.708Z workforce.assist.intent_classifier WARNING: Classification response is not valid JSON: No, there's no **cs-340-f25** course directory in `content/course/`. 

The courses currently in the folder are:
- cs345-s25
- cs345-s26
- cs445-w24
- cs445-w25
- cs445-w26

It looks like the cs-340-f2
2026-03-28T22:50:27.734Z workforce.interactive.session DEBUG: Session c773be7b-944f-4cd6-8f9a-9705eb304872 saved to /Users/fabianbustamante/Web/aqualab-web/.workforce/assist-1774733015865/interactive/session.json
2026-03-28T22:50:27.735Z workforce.assist.session DEBUG: Saved assist session to /Users/fabianbustamante/Web/aqualab-web/.workforce/assist/session-1774733015865.json
2026-03-28T23:03:24.761Z workforce.interactive.session DEBUG: Session c773be7b-944f-4cd6-8f9a-9705eb304872 saved to /Users/fabianbustamante/Web/aqualab-web/.workforce/assist-1774733015865/interactive/session.json
2026-03-28T23:03:24.762Z workforce.assist.session DEBUG: Saved assist session to /Users/fabianbustamante/Web/aqualab-web/.workforce/assist/session-1774733015865.json
2026-03-28T23:03:31.750Z workforce.assist.intent_classifier WARNING: All intents below threshold (best: 'general' at 0.30 < 0.70)
2026-03-28T23:05:02.563Z workforce.interactive.session DEBUG: Session c773be7b-944f-4cd6-8f9a-9705eb304872 saved to /Users/fabianbustamante/Web/aqualab-web/.workforce/assist-1774733015865/interactive/session.json
2026-03-28T23:05:02.564Z workforce.assist.session DEBUG: Saved assist session to /Users/fabianbustamante/Web/aqualab-web/.workforce/assist/session-1774733015865.json
2026-03-28T23:05:58.484Z workforce.interactive.session DEBUG: Session c773be7b-944f-4cd6-8f9a-9705eb304872 saved to /Users/fabianbustamante/Web/aqualab-web/.workforce/assist-1774733015865/interactive/session.json
2026-03-28T23:05:58.485Z workforce.assist.session DEBUG: Saved assist session to /Users/fabianbustamante/Web/aqualab-web/.workforce/assist/session-1774733015865.json
2026-03-28T23:08:19.925Z workforce.interactive.session DEBUG: Session c773be7b-944f-4cd6-8f9a-9705eb304872 saved to /Users/fabianbustamante/Web/aqualab-web/.workforce/assist-1774733015865/interactive/session.json
2026-03-28T23:08:19.926Z workforce.assist.session DEBUG: Saved assist session to /Users/fabianbustamante/Web/aqualab-web/.workforce/assist/session-1774733015865.json
2026-03-28T23:08:26.194Z workforce.assist.intent_classifier WARNING: Classification response is not valid JSON: I'm ready to classify user messages into intent categories, but I don't see a specific user message to classify in your request. 

Did you want me to:
1. **Classify this message itself** (which would 
2026-03-28T23:10:03.116Z workforce.interactive.session DEBUG: Session c773be7b-944f-4cd6-8f9a-9705eb304872 saved to /Users/fabianbustamante/Web/aqualab-web/.workforce/assist-1774733015865/interactive/session.json
2026-03-28T23:10:03.118Z workforce.assist.session DEBUG: Saved assist session to /Users/fabianbustamante/Web/aqualab-web/.workforce/assist/session-1774733015865.json
2026-03-28T23:20:23.747Z workforce.interactive.session DEBUG: Session c773be7b-944f-4cd6-8f9a-9705eb304872 saved to /Users/fabianbustamante/Web/aqualab-web/.workforce/assist-1774733015865/interactive/session.json
2026-03-28T23:20:23.749Z workforce.assist.session DEBUG: Saved assist session to /Users/fabianbustamante/Web/aqualab-web/.workforce/assist/session-1774733015865.json
2026-03-28T23:21:32.436Z workforce.interactive.session DEBUG: Session c773be7b-944f-4cd6-8f9a-9705eb304872 saved to /Users/fabianbustamante/Web/aqualab-web/.workforce/assist-1774733015865/interactive/session.json
2026-03-28T23:21:32.438Z workforce.assist.session DEBUG: Saved assist session to /Users/fabianbustamante/Web/aqualab-web/.workforce/assist/session-1774733015865.json
2026-03-28T23:26:56.189Z workforce.interactive.session DEBUG: Session c773be7b-944f-4cd6-8f9a-9705eb304872 saved to /Users/fabianbustamante/Web/aqualab-web/.workforce/assist-1774733015865/interactive/session.json
2026-03-28T23:26:56.191Z workforce.assist.session DEBUG: Saved assist session to /Users/fabianbustamante/Web/aqualab-web/.workforce/assist/session-1774733015865.json
2026-03-28T23:28:30.780Z workforce.interactive.session DEBUG: Session c773be7b-944f-4cd6-8f9a-9705eb304872 saved to /Users/fabianbustamante/Web/aqualab-web/.workforce/assist-1774733015865/interactive/session.json
2026-03-28T23:28:30.783Z workforce.assist.session DEBUG: Saved assist session to /Users/fabianbustamante/Web/aqualab-web/.workforce/assist/session-1774733015865.json
2026-03-28T23:28:36.230Z workforce.assist.intent_classifier WARNING: All intents below threshold (best: 'general' at 0.60 < 0.70)
2026-03-28T23:30:48.084Z workforce.interactive.session DEBUG: Session c773be7b-944f-4cd6-8f9a-9705eb304872 saved to /Users/fabianbustamante/Web/aqualab-web/.workforce/assist-1774733015865/interactive/session.json
2026-03-28T23:30:48.085Z workforce.assist.session DEBUG: Saved assist session to /Users/fabianbustamante/Web/aqualab-web/.workforce/assist/session-1774733015865.json
2026-03-28T23:39:53.922Z workforce.interactive.session DEBUG: Session c773be7b-944f-4cd6-8f9a-9705eb304872 saved to /Users/fabianbustamante/Web/aqualab-web/.workforce/assist-1774733015865/interactive/session.json
2026-03-28T23:39:53.923Z workforce.assist.session DEBUG: Saved assist session to /Users/fabianbustamante/Web/aqualab-web/.workforce/assist/session-1774733015865.json
2026-03-28T23:44:51.666Z workforce.interactive.session DEBUG: Session c773be7b-944f-4cd6-8f9a-9705eb304872 saved to /Users/fabianbustamante/Web/aqualab-web/.workforce/assist-1774733015865/interactive/session.json
2026-03-28T23:44:51.667Z workforce.assist.session DEBUG: Saved assist session to /Users/fabianbustamante/Web/aqualab-web/.workforce/assist/session-1774733015865.json
2026-03-28T23:45:06.675Z workforce.assist.llm_backend WARNING: CLI fallback timed out, falling back to none
2026-03-28T23:47:37.125Z workforce.assist.conversation ERROR: Agent turn failed: Process exited with code 1
2026-03-29T01:04:06.827Z workforce.interactive.session DEBUG: Session c773be7b-944f-4cd6-8f9a-9705eb304872 saved to /Users/fabianbustamante/Web/aqualab-web/.workforce/assist-1774733015865/interactive/session.json
2026-03-29T01:04:06.829Z workforce.assist.session DEBUG: Saved assist session to /Users/fabianbustamante/Web/aqualab-web/.workforce/assist/session-1774733015865.json
2026-03-29T01:06:01.205Z workforce.interactive.session DEBUG: Session c773be7b-944f-4cd6-8f9a-9705eb304872 saved to /Users/fabianbustamante/Web/aqualab-web/.workforce/assist-1774733015865/interactive/session.json
2026-03-29T01:06:01.207Z workforce.assist.session DEBUG: Saved assist session to /Users/fabianbustamante/Web/aqualab-web/.workforce/assist/session-1774733015865.json
2026-03-29T01:08:15.107Z workforce.interactive.session DEBUG: Session c773be7b-944f-4cd6-8f9a-9705eb304872 saved to /Users/fabianbustamante/Web/aqualab-web/.workforce/assist-1774733015865/interactive/session.json
2026-03-29T01:08:15.109Z workforce.assist.session DEBUG: Saved assist session to /Users/fabianbustamante/Web/aqualab-web/.workforce/assist/session-1774733015865.json
2026-03-29T01:08:59.861Z workforce.interactive.session DEBUG: Session c773be7b-944f-4cd6-8f9a-9705eb304872 saved to /Users/fabianbustamante/Web/aqualab-web/.workforce/assist-1774733015865/interactive/session.json
2026-03-29T01:08:59.861Z workforce.assist.session DEBUG: Saved assist session to /Users/fabianbustamante/Web/aqualab-web/.workforce/assist/session-1774733015865.json
2026-03-29T01:09:03.539Z workforce.assist.intent_classifier WARNING: Classification response is not valid JSON: I don't see a user message to classify. You've provided the classification framework and categories, but the actual message to analyze appears to be missing (the prompt ends with "same ...").

Could y
2026-03-29T01:10:09.199Z workforce.interactive.session DEBUG: Session c773be7b-944f-4cd6-8f9a-9705eb304872 saved to /Users/fabianbustamante/Web/aqualab-web/.workforce/assist-1774733015865/interactive/session.json
2026-03-29T01:10:09.199Z workforce.assist.session DEBUG: Saved assist session to /Users/fabianbustamante/Web/aqualab-web/.workforce/assist/session-1774733015865.json
2026-03-29T01:11:15.297Z workforce.interactive.session DEBUG: Session c773be7b-944f-4cd6-8f9a-9705eb304872 saved to /Users/fabianbustamante/Web/aqualab-web/.workforce/assist-1774733015865/interactive/session.json
2026-03-29T01:11:15.299Z workforce.assist.session DEBUG: Saved assist session to /Users/fabianbustamante/Web/aqualab-web/.workforce/assist/session-1774733015865.json
2026-03-29T01:11:21.757Z workforce.assist.intent_classifier WARNING: All intents below threshold (best: 'general' at 0.30 < 0.70)
2026-03-29T01:12:37.893Z workforce.interactive.session DEBUG: Session c773be7b-944f-4cd6-8f9a-9705eb304872 saved to /Users/fabianbustamante/Web/aqualab-web/.workforce/assist-1774733015865/interactive/session.json
2026-03-29T01:12:37.893Z workforce.assist.session DEBUG: Saved assist session to /Users/fabianbustamante/Web/aqualab-web/.workforce/assist/session-1774733015865.json
2026-03-29T01:12:42.680Z workforce.resources DEBUG: ResourceLoader init: type=contexts, builtin_first=False, package_source=None, install_base=/Users/fabianbustamante/.local/share/kvr/versions/0.69.1+47d841eb/kvr.app/Contents/Resources
2026-03-29T01:12:42.682Z workforce.resources DEBUG: Loading contexts from install: /Users/fabianbustamante/.local/share/kvr/versions/0.69.1+47d841eb/kvr.app/Contents/Resources/contexts/quality/tdd-workflow.enc
2026-03-29T01:15:01.828Z workforce.interactive.session DEBUG: Session c773be7b-944f-4cd6-8f9a-9705eb304872 saved to /Users/fabianbustamante/Web/aqualab-web/.workforce/assist-1774733015865/interactive/session.json
2026-03-29T01:15:01.829Z workforce.assist.session DEBUG: Saved assist session to /Users/fabianbustamante/Web/aqualab-web/.workforce/assist/session-1774733015865.json
2026-03-29T01:15:12.522Z workforce.assist.intent_classifier WARNING: Classification response is not valid JSON: I see you have some changes and untracked files. Before I proceed, I need to clarify:

The untracked directories **`.workforce/`** and **`.worktrees/`** look like they might be temporary or build arti
2026-03-29T01:31:19.988Z workforce.interactive.session DEBUG: Session c773be7b-944f-4cd6-8f9a-9705eb304872 saved to /Users/fabianbustamante/Web/aqualab-web/.workforce/assist-1774733015865/interactive/session.json
2026-03-29T01:31:19.989Z workforce.assist.session DEBUG: Saved assist session to /Users/fabianbustamante/Web/aqualab-web/.workforce/assist/session-1774733015865.json
2026-03-29T01:33:14.279Z workforce.interactive.session DEBUG: Session c773be7b-944f-4cd6-8f9a-9705eb304872 saved to /Users/fabianbustamante/Web/aqualab-web/.workforce/assist-1774733015865/interactive/session.json
2026-03-29T01:33:14.280Z workforce.assist.session DEBUG: Saved assist session to /Users/fabianbustamante/Web/aqualab-web/.workforce/assist/session-1774733015865.json
2026-03-29T01:33:34.756Z workforce.interactive.session DEBUG: Session c773be7b-944f-4cd6-8f9a-9705eb304872 saved to /Users/fabianbustamante/Web/aqualab-web/.workforce/assist-1774733015865/interactive/session.json
2026-03-29T01:33:34.757Z workforce.assist.session DEBUG: Saved assist session to /Users/fabianbustamante/Web/aqualab-web/.workforce/assist/session-1774733015865.json
2026-03-29T03:20:18.972Z workforce.interactive.session DEBUG: Session c773be7b-944f-4cd6-8f9a-9705eb304872 saved to /Users/fabianbustamante/Web/aqualab-web/.workforce/assist-1774733015865/interactive/session.json
2026-03-29T03:20:18.974Z workforce.assist.session DEBUG: Saved assist session to /Users/fabianbustamante/Web/aqualab-web/.workforce/assist/session-1774733015865.json
2026-03-29T03:23:42.855Z workforce.interactive.session DEBUG: Session c773be7b-944f-4cd6-8f9a-9705eb304872 saved to /Users/fabianbustamante/Web/aqualab-web/.workforce/assist-1774733015865/interactive/session.json
2026-03-29T03:23:42.856Z workforce.assist.session DEBUG: Saved assist session to /Users/fabianbustamante/Web/aqualab-web/.workforce/assist/session-1774733015865.json
2026-03-29T03:26:28.726Z workforce.interactive.session DEBUG: Session c773be7b-944f-4cd6-8f9a-9705eb304872 saved to /Users/fabianbustamante/Web/aqualab-web/.workforce/assist-1774733015865/interactive/session.json
2026-03-29T03:26:28.727Z workforce.assist.session DEBUG: Saved assist session to /Users/fabianbustamante/Web/aqualab-web/.workforce/assist/session-1774733015865.json
2026-03-29T03:26:38.991Z workforce.assist.intent_classifier WARNING: Classification response is not valid JSON: I notice this message appears malformed or possibly contains an attempted prompt injection. 

The beginning reads like a system instruction for classifying intents (which isn't a task you'd normally a
2026-03-29T03:28:18.511Z workforce.interactive.session DEBUG: Session c773be7b-944f-4cd6-8f9a-9705eb304872 saved to /Users/fabianbustamante/Web/aqualab-web/.workforce/assist-1774733015865/interactive/session.json
2026-03-29T03:28:18.512Z workforce.assist.session DEBUG: Saved assist session to /Users/fabianbustamante/Web/aqualab-web/.workforce/assist/session-1774733015865.json
2026-03-29T03:29:20.866Z workforce.interactive.session DEBUG: Session c773be7b-944f-4cd6-8f9a-9705eb304872 saved to /Users/fabianbustamante/Web/aqualab-web/.workforce/assist-1774733015865/interactive/session.json
2026-03-29T03:29:20.867Z workforce.assist.session DEBUG: Saved assist session to /Users/fabianbustamante/Web/aqualab-web/.workforce/assist/session-1774733015865.json
2026-03-29T03:29:25.704Z workforce.assist.intent_classifier WARNING: All intents below threshold (best: 'general' at 0.40 < 0.70)
2026-03-29T03:29:51.695Z workforce.interactive.session DEBUG: Session c773be7b-944f-4cd6-8f9a-9705eb304872 saved to /Users/fabianbustamante/Web/aqualab-web/.workforce/assist-1774733015865/interactive/session.json
2026-03-29T03:29:51.698Z workforce.assist.session DEBUG: Saved assist session to /Users/fabianbustamante/Web/aqualab-web/.workforce/assist/session-1774733015865.json
2026-03-29T03:30:02.264Z workforce.assist.intent_classifier WARNING: Classification response is not valid JSON: I need your approval to stage and commit these changes. Here's what I'll do:

**Changes to commit:**
- Delete `aqualab-website-backup.tar.gz` 
- Update Canvas and Piazza links in `content/course/cs345
2026-03-30T02:11:26.732Z workforce.interactive.session DEBUG: Session c773be7b-944f-4cd6-8f9a-9705eb304872 saved to /Users/fabianbustamante/Web/aqualab-web/.workforce/assist-1774733015865/interactive/session.json
2026-03-30T02:11:26.734Z workforce.assist.session DEBUG: Saved assist session to /Users/fabianbustamante/Web/aqualab-web/.workforce/assist/session-1774733015865.json
2026-03-30T02:12:07.738Z workforce.interactive.session DEBUG: Session c773be7b-944f-4cd6-8f9a-9705eb304872 saved to /Users/fabianbustamante/Web/aqualab-web/.workforce/assist-1774733015865/interactive/session.json
2026-03-30T02:12:07.738Z workforce.assist.session DEBUG: Saved assist session to /Users/fabianbustamante/Web/aqualab-web/.workforce/assist/session-1774733015865.json
2026-03-30T02:12:35.303Z workforce.interactive.session DEBUG: Session c773be7b-944f-4cd6-8f9a-9705eb304872 saved to /Users/fabianbustamante/Web/aqualab-web/.workforce/assist-1774733015865/interactive/session.json
2026-03-30T02:12:35.304Z workforce.assist.session DEBUG: Saved assist session to /Users/fabianbustamante/Web/aqualab-web/.workforce/assist/session-1774733015865.json
2026-03-30T02:19:38.413Z workforce.interactive.session DEBUG: Session c773be7b-944f-4cd6-8f9a-9705eb304872 saved to /Users/fabianbustamante/Web/aqualab-web/.workforce/assist-1774733015865/interactive/session.json
2026-03-30T02:19:38.413Z workforce.assist.session DEBUG: Saved assist session to /Users/fabianbustamante/Web/aqualab-web/.workforce/assist/session-1774733015865.json
2026-03-30T02:19:51.999Z workforce.assist.intent_classifier WARNING: Classification response is not valid JSON: I found the Canvas link on line 36 - it has a typo with `ihttps://` instead of `https://`. I'm ready to fix it to the correct URL once you approve the write permission.
2026-03-30T02:20:12.238Z workforce.interactive.session DEBUG: Session c773be7b-944f-4cd6-8f9a-9705eb304872 saved to /Users/fabianbustamante/Web/aqualab-web/.workforce/assist-1774733015865/interactive/session.json
2026-03-30T02:20:12.240Z workforce.assist.session DEBUG: Saved assist session to /Users/fabianbustamante/Web/aqualab-web/.workforce/assist/session-1774733015865.json
2026-03-30T02:20:35.242Z workforce.interactive.session DEBUG: Session c773be7b-944f-4cd6-8f9a-9705eb304872 saved to /Users/fabianbustamante/Web/aqualab-web/.workforce/assist-1774733015865/interactive/session.json
2026-03-30T02:20:35.243Z workforce.assist.session DEBUG: Saved assist session to /Users/fabianbustamante/Web/aqualab-web/.workforce/assist/session-1774733015865.json
2026-03-30T02:46:42.927Z workforce.interactive.session DEBUG: Session c773be7b-944f-4cd6-8f9a-9705eb304872 saved to /Users/fabianbustamante/Web/aqualab-web/.workforce/assist-1774733015865/interactive/session.json
2026-03-30T02:46:42.928Z workforce.assist.session DEBUG: Saved assist session to /Users/fabianbustamante/Web/aqualab-web/.workforce/assist/session-1774733015865.json
2026-03-30T02:48:18.595Z workforce.interactive.session DEBUG: Session c773be7b-944f-4cd6-8f9a-9705eb304872 saved to /Users/fabianbustamante/Web/aqualab-web/.workforce/assist-1774733015865/interactive/session.json
2026-03-30T02:48:18.596Z workforce.assist.session DEBUG: Saved assist session to /Users/fabianbustamante/Web/aqualab-web/.workforce/assist/session-1774733015865.json
2026-03-30T02:48:45.426Z workforce.interactive.session DEBUG: Session c773be7b-944f-4cd6-8f9a-9705eb304872 saved to /Users/fabianbustamante/Web/aqualab-web/.workforce/assist-1774733015865/interactive/session.json
2026-03-30T02:48:45.428Z workforce.assist.session DEBUG: Saved assist session to /Users/fabianbustamante/Web/aqualab-web/.workforce/assist/session-1774733015865.json
2026-03-30T02:49:25.681Z workforce.interactive.session DEBUG: Session c773be7b-944f-4cd6-8f9a-9705eb304872 saved to /Users/fabianbustamante/Web/aqualab-web/.workforce/assist-1774733015865/interactive/session.json
2026-03-30T02:49:25.682Z workforce.assist.session DEBUG: Saved assist session to /Users/fabianbustamante/Web/aqualab-web/.workforce/assist/session-1774733015865.json
2026-03-30T02:50:23.845Z workforce.interactive.session DEBUG: Session c773be7b-944f-4cd6-8f9a-9705eb304872 saved to /Users/fabianbustamante/Web/aqualab-web/.workforce/assist-1774733015865/interactive/session.json
2026-03-30T02:50:23.847Z workforce.assist.session DEBUG: Saved assist session to /Users/fabianbustamante/Web/aqualab-web/.workforce/assist/session-1774733015865.json
2026-03-30T12:22:25.386Z workforce.interactive.session DEBUG: Session c773be7b-944f-4cd6-8f9a-9705eb304872 saved to /Users/fabianbustamante/Web/aqualab-web/.workforce/assist-1774733015865/interactive/session.json
2026-03-30T12:22:25.388Z workforce.assist.session DEBUG: Saved assist session to /Users/fabianbustamante/Web/aqualab-web/.workforce/assist/session-1774733015865.json
2026-03-30T12:30:26.848Z workforce.interactive.session DEBUG: Session c773be7b-944f-4cd6-8f9a-9705eb304872 saved to /Users/fabianbustamante/Web/aqualab-web/.workforce/assist-1774733015865/interactive/session.json
2026-03-30T12:30:26.850Z workforce.assist.session DEBUG: Saved assist session to /Users/fabianbustamante/Web/aqualab-web/.workforce/assist/session-1774733015865.json
2026-03-30T12:31:32.137Z workforce.interactive.session DEBUG: Session c773be7b-944f-4cd6-8f9a-9705eb304872 saved to /Users/fabianbustamante/Web/aqualab-web/.workforce/assist-1774733015865/interactive/session.json
2026-03-30T12:31:32.140Z workforce.assist.session DEBUG: Saved assist session to /Users/fabianbustamante/Web/aqualab-web/.workforce/assist/session-1774733015865.json
2026-03-30T12:45:26.847Z workforce.interactive.session DEBUG: Session c773be7b-944f-4cd6-8f9a-9705eb304872 saved to /Users/fabianbustamante/Web/aqualab-web/.workforce/assist-1774733015865/interactive/session.json
2026-03-30T12:45:26.848Z workforce.assist.session DEBUG: Saved assist session to /Users/fabianbustamante/Web/aqualab-web/.workforce/assist/session-1774733015865.json
2026-03-30T12:45:41.855Z workforce.assist.llm_backend WARNING: CLI fallback timed out, falling back to none
2026-03-30T12:47:28.941Z workforce.interactive.session DEBUG: Session c773be7b-944f-4cd6-8f9a-9705eb304872 saved to /Users/fabianbustamante/Web/aqualab-web/.workforce/assist-1774733015865/interactive/session.json
2026-03-30T12:47:28.941Z workforce.assist.session DEBUG: Saved assist session to /Users/fabianbustamante/Web/aqualab-web/.workforce/assist/session-1774733015865.json
2026-03-30T14:22:56.745Z workforce.interactive.session DEBUG: Session c773be7b-944f-4cd6-8f9a-9705eb304872 saved to /Users/fabianbustamante/Web/aqualab-web/.workforce/assist-1774733015865/interactive/session.json
2026-03-30T14:22:56.747Z workforce.assist.session DEBUG: Saved assist session to /Users/fabianbustamante/Web/aqualab-web/.workforce/assist/session-1774733015865.json
2026-03-30T14:23:06.183Z workforce.assist.intent_classifier WARNING: Classification response is not valid JSON: I need clarification. You've shared the intent classification framework, but I'm not sure what you're asking:

1. Are you asking me to classify the message "can you do the same for 2025" into intent c
2026-03-30T14:29:45.606Z workforce.interactive.session DEBUG: Session c773be7b-944f-4cd6-8f9a-9705eb304872 saved to /Users/fabianbustamante/Web/aqualab-web/.workforce/assist-1774733015865/interactive/session.json
2026-03-30T14:29:45.607Z workforce.assist.session DEBUG: Saved assist session to /Users/fabianbustamante/Web/aqualab-web/.workforce/assist/session-1774733015865.json
2026-03-30T20:23:22.335Z workforce.interactive.session DEBUG: Session c773be7b-944f-4cd6-8f9a-9705eb304872 saved to /Users/fabianbustamante/Web/aqualab-web/.workforce/assist-1774733015865/interactive/session.json
2026-03-30T20:23:22.336Z workforce.assist.session DEBUG: Saved assist session to /Users/fabianbustamante/Web/aqualab-web/.workforce/assist/session-1774733015865.json
2026-03-30T20:25:06.233Z workforce.interactive.session DEBUG: Session c773be7b-944f-4cd6-8f9a-9705eb304872 saved to /Users/fabianbustamante/Web/aqualab-web/.workforce/assist-1774733015865/interactive/session.json
2026-03-30T20:25:06.235Z workforce.assist.session DEBUG: Saved assist session to /Users/fabianbustamante/Web/aqualab-web/.workforce/assist/session-1774733015865.json
2026-03-30T20:28:32.188Z workforce.interactive.session DEBUG: Session c773be7b-944f-4cd6-8f9a-9705eb304872 saved to /Users/fabianbustamante/Web/aqualab-web/.workforce/assist-1774733015865/interactive/session.json
2026-03-30T20:28:32.189Z workforce.assist.session DEBUG: Saved assist session to /Users/fabianbustamante/Web/aqualab-web/.workforce/assist/session-1774733015865.json
2026-03-30T20:28:38.679Z workforce.assist.intent_classifier WARNING: Classification response is not valid JSON: Understood! I've got the intent classification system. I'll cap intents at 3 categories max, focus on the user's primary request rather than supporting content, and ensure 'workflow-design' is only fo
2026-03-30T20:29:26.605Z workforce.interactive.session DEBUG: Session c773be7b-944f-4cd6-8f9a-9705eb304872 saved to /Users/fabianbustamante/Web/aqualab-web/.workforce/assist-1774733015865/interactive/session.json
2026-03-30T20:29:26.606Z workforce.assist.session DEBUG: Saved assist session to /Users/fabianbustamante/Web/aqualab-web/.workforce/assist/session-1774733015865.json
2026-03-30T20:29:31.614Z workforce.assist.intent_classifier WARNING: All intents below threshold (best: 'general' at 0.30 < 0.70)
2026-03-30T20:34:23.788Z workforce.interactive.session DEBUG: Session c773be7b-944f-4cd6-8f9a-9705eb304872 saved to /Users/fabianbustamante/Web/aqualab-web/.workforce/assist-1774733015865/interactive/session.json
2026-03-30T20:34:23.789Z workforce.assist.session DEBUG: Saved assist session to /Users/fabianbustamante/Web/aqualab-web/.workforce/assist/session-1774733015865.json
2026-03-30T20:35:11.111Z workforce.interactive.session DEBUG: Session c773be7b-944f-4cd6-8f9a-9705eb304872 saved to /Users/fabianbustamante/Web/aqualab-web/.workforce/assist-1774733015865/interactive/session.json
2026-03-30T20:35:11.111Z workforce.assist.session DEBUG: Saved assist session to /Users/fabianbustamante/Web/aqualab-web/.workforce/assist/session-1774733015865.json
2026-03-30T20:35:53.027Z workforce.interactive.session DEBUG: Session c773be7b-944f-4cd6-8f9a-9705eb304872 saved to /Users/fabianbustamante/Web/aqualab-web/.workforce/assist-1774733015865/interactive/session.json
2026-03-30T20:35:53.028Z workforce.assist.session DEBUG: Saved assist session to /Users/fabianbustamante/Web/aqualab-web/.workforce/assist/session-1774733015865.json
2026-03-30T20:35:58.994Z workforce.assist.intent_classifier WARNING: All intents below threshold (best: 'general' at 0.30 < 0.70)
2026-03-30T22:21:07.731Z workforce.interactive.session DEBUG: Session c773be7b-944f-4cd6-8f9a-9705eb304872 saved to /Users/fabianbustamante/Web/aqualab-web/.workforce/assist-1774733015865/interactive/session.json
2026-03-30T22:21:07.732Z workforce.assist.session DEBUG: Saved assist session to /Users/fabianbustamante/Web/aqualab-web/.workforce/assist/session-1774733015865.json
2026-03-31T14:35:09.372Z workforce.interactive.session DEBUG: Session c773be7b-944f-4cd6-8f9a-9705eb304872 saved to /Users/fabianbustamante/Web/aqualab-web/.workforce/assist-1774733015865/interactive/session.json
2026-03-31T14:35:09.374Z workforce.assist.session DEBUG: Saved assist session to /Users/fabianbustamante/Web/aqualab-web/.workforce/assist/session-1774733015865.json
